// Jest Snapshot v1, https://goo.gl/fbAQLP

exports[`Button renders correctly 1`] = `
.c0 {
  background: #019dff;
  color: #fff;
  font-weight: bold;
  text-align: center;
  border: 1px solid #019dff;
  border-radius: 50px;
  height: 74px;
  width: 100%;
  font-size: 34px;
}

@media (min-width:1024px) {
  .c0 {
    width: 360px;
  }
}

<button
  className="c0"
/>
`;
