// Jest Snapshot v1, https://goo.gl/fbAQLP

exports[`Container renders correctly 1`] = `
.c0 {
  margin: 0 auto;
  width: 75%;
}

@media (min-width:1440px) {
  .c0 {
    width: 55%;
  }
}

<div
  className="c0"
/>
`;
