// Jest Snapshot v1, https://goo.gl/fbAQLP

exports[`RadioGroup renders correctly 1`] = `
.c0 {
  display: -webkit-box;
  display: -webkit-flex;
  display: -ms-flexbox;
  display: flex;
  -webkit-flex-flow: column;
  -ms-flex-flow: column;
  flex-flow: column;
}

.c1 {
  -webkit-flex: 1 0 auto;
  -ms-flex: 1 0 auto;
  flex: 1 0 auto;
  display: -webkit-box;
  display: -webkit-flex;
  display: -ms-flexbox;
  display: flex;
  -webkit-box-pack: center;
  -webkit-justify-content: center;
  -ms-flex-pack: center;
  justify-content: center;
  -webkit-flex-flow: column;
  -ms-flex-flow: column;
  flex-flow: column;
  position: relative;
}

.c2 {
  display: inline-block;
  cursor: pointer;
  line-height: 1.5;
  margin: 0;
  font-size: 18px;
  min-width: 70px;
}

.c2:first-child > span {
  border-top-left-radius: 25px;
  border-bottom-left-radius: 25px;
  border-right: 4px solid #2f3045;
}

.c2:last-child > span {
  border-top-right-radius: 25px;
  border-bottom-right-radius: 25px;
  border-left: 4px solid #2f3045;
}

.c2 + label {
  margin-left: 24px;
}

.c3 {
  position: absolute;
  left: -9999px;
  margin: 0;
  display: inline-block;
  border: 2px solid transparent;
  border-radius: 10px;
  padding: 10px 20px;
}

.c3:checked + span {
  background-color: #019dff;
  border-color: #2f3045;
  color: #fff;
  font-weight: bold;
}

.c4 {
  display: inline-block;
  border: 4px solid #2f3045;
  width: 100%;
  text-align: center;
  font-size: 20px;
  line-height: 1.5;
  color: #000;
  background: #fff;
  font-weight: 600;
  padding: 9.5px 10px;
  text-transform: capitalize;
}

@media (min-width:1024px) {
  .c1 {
    margin-top: .5em;
  }
}

<div
  className="c0"
>
  <div
    className="c1"
  >
    <div>
      <label
        className="c2"
      >
        <input
          className="c3"
          type="radio"
          value="yes"
        />
        <span
          className="c4"
        >
          yes
        </span>
      </label>
      <label
        className="c2"
      >
        <input
          className="c3"
          type="radio"
          value="no"
        />
        <span
          className="c4"
        >
          no
        </span>
      </label>
    </div>
  </div>
</div>
`;
