// Jest Snapshot v1, https://goo.gl/fbAQLP

exports[`SectionFive renders correctly 1`] = `
.c5 {
  font-size: 24px;
  color: #000;
  line-height: 1.5;
  font-size: 24px;
  height: 100%;
}

.c7 {
  font-size: 24px;
  color: #000;
  line-height: 1.5;
  height: auto;
}

.c1 {
  margin: 0 auto;
  width: 75%;
}

.c0 {
  font-family: sans-serif;
  padding: 55px 0;
  background: #d9f8fa;
}

.c0 p:first-child {
  margin-top: 0;
}

.c0 h2 {
  color: #2f3045;
  margin-bottom: 0;
}

.c0 h2 ~ p {
  margin-top: 10px;
  color: #000;
  padding-bottom: 35px;
}

.c0 p ~ hr {
  color: #000;
  height: 1px;
  border: 0;
  border-top: 1px solid #000;
}

.c0 h3 {
  color: #2f3045;
  font-weight: 400;
}

.c0 h2 ~ h3 {
  margin-top: 0;
}

.c4 {
  font-size: 34px;
}

.c2 {
  margin: 30px 0;
}

.c3 {
  padding: 0 40px 10px 40px;
  border-top: 1px solid #000;
  padding-top: 40px;
  margin-top: 50px;
}

.c3 h2:first-child {
  margin-top: 0;
}

.c3 h2 + p {
  margin-top: 20px;
}

.c3 h2 ~ p {
  margin-bottom: 0;
}

.c3 p:last-child {
  margin-bottom: 0;
  padding-bottom: 0;
}

.c6 {
  width: 100px;
  height: 100px;
  border-radius: 50%;
  background: #50a3d7;
  margin: 0 auto;
  margin-bottom: 40px;
}

.c6 > span {
  width: 100px;
  display: inline-block;
  font-size: 45px;
  font-weight: bold;
  color: #fff;
  text-align: center;
  line-height: 100px;
}

.c8 {
  padding-left: 25px;
}

.c9 {
  font-size: 22px;
  margin-bottom: 18px;
}

@media (min-width:1024px) {
  .c5 {
    height: 55px;
  }
}

@media (min-width:1024px) {
  .c7 {
    height: auto;
  }
}

@media (min-width:1024px) {
  .c1 {
    width: 88%;
  }
}

@media (min-width:1440px) {
  .c1 {
    width: 65%;
  }
}

@media (min-width:1024px) {
  .c0 {
    text-align: left;
  }
}

@media (min-width:1024px) {
  .c2 {
    display: -webkit-box;
    display: -webkit-flex;
    display: -ms-flexbox;
    display: flex;
  }
}

@media (min-width:1024px) {
  .c3 {
    -webkit-flex: 1;
    -ms-flex: 1;
    flex: 1;
    border-left: 1px solid #000;
    border-top: none;
    padding-top: 0;
  }
}

<section
  className="c0"
>
  <div
    className="c1"
  >
    <div
      className="c2"
    >
      <div
        className="c3"
      >
        <h2
          className="c4"
        >
          New Zealand
        </h2>
        <p
          className="c5"
        >
          You are eligible for a pension at age 
          <span>
            65
          </span>
        </p>
        <div
          className="c6"
        >
          <span>
            65
          </span>
        </div>
        <p
          className="c7"
        >
          Government pension is called  New Zealand Superannuation, known as NZ Super for short.
        </p>
        <ul
          className="c8"
        >
          <li
            className="c9"
          >
            Gender does not determine eligibility in New Zealand.
          </li>
          <li
            className="c9"
          >
            You don't have to be retired from work to get NZ Super as it is not income tested.
          </li>
          <li
            className="c9"
          >
            Overseas benefits or pensions will generally be deducted from NZ Super.
          </li>
          <li
            className="c9"
          >
            To get NZ Super you must have lived in NZ for at least 10 years since you turned 20. Five of those years must be since you turned 50.
          </li>
        </ul>
      </div>
      <div
        className="c3"
      >
        <h2
          className="c4"
        >
          Israel
        </h2>
        <p
          className="c5"
        >
          You are eligible for a pension at age 
          <span>
            62
          </span>
        </p>
        <div
          className="c6"
        >
          <span>
            62
          </span>
        </div>
        <p
          className="c7"
        >
          Government pensions are known as old age pensions, sometimes referred to as insurance.
        </p>
        <ul
          className="c8"
        >
          <li
            className="c9"
          >
            Eligibility is determined by gender, payments to old age insurance, income test and the type of employment you have been in.
          </li>
          <li
            className="c9"
          >
            You must have been living in Israel for at least 5 years before you retire.
          </li>
          <li
            className="c9"
          >
            There are two stages of pensions; one at age 62 for women and 67 for men, and a second age pension at 70 which has less eligibility requirements than the first age pension.
          </li>
        </ul>
      </div>
      <div
        className="c3"
      >
        <h2
          className="c4"
        >
          Uruguay
        </h2>
        <h2
          className="c4"
        >
          You are not eligible for a pension
        </h2>
        <p
          className="c7"
        >
          Government pensions for work retirement are called Jubilaciones.
        </p>
        <ul
          className="c8"
        >
          <li
            className="c9"
          >
            Eligibility is determined by age and contributions to social security related to labour.
          </li>
          <li
            className="c9"
          >
            You must have completed 30 years of work.
          </li>
          <li
            className="c9"
          >
            There are two stages of pensions; one at age 60, and a second advanced age pension at 70.
          </li>
          <li
            className="c9"
          >
            For women each child (up to max of 5) counts as a 'year of work'.
          </li>
        </ul>
      </div>
    </div>
  </div>
</section>
`;
